// Jest Snapshot v1, https://goo.gl/fbAQLP

exports[`<Main /> should render the heading 1`] = `
<main
  class="sc-blHHSb bZInSn"
>
  <h1>
    Boilerplate Next
  </h1>
</main>
`;
